  Source.c
C:\Users\Administrator\source\repos\SDD2026\Seminar_11\Sem10SDD_1045\Source.c(24,40): warning C4013: 'strlen' undefined; assuming extern returning int
C:\Users\Administrator\source\repos\SDD2026\Seminar_11\Sem10SDD_1045\Source.c(25,8): warning C4013: 'strcpy' undefined; assuming extern returning int
C:\Users\Administrator\source\repos\SDD2026\Seminar_11\Sem10SDD_1045\Source.c(30,18): warning C4133: '=': incompatible types - from 'nodArb *' to 'nodArb *'
C:\Users\Administrator\source\repos\SDD2026\Seminar_11\Sem10SDD_1045\Source.c(31,19): warning C4133: '=': incompatible types - from 'nodArb *' to 'nodArb *'
C:\Users\Administrator\source\repos\SDD2026\Seminar_11\Sem10SDD_1045\Source.c(41,41): warning C4133: 'function': incompatible types - from 'nodArb *' to 'nodArb *'
C:\Users\Administrator\source\repos\SDD2026\Seminar_11\Sem10SDD_1045\Source.c(41,45): warning C4133: '=': incompatible types - from 'nodArb *' to 'nodArb *'
C:\Users\Administrator\source\repos\SDD2026\Seminar_11\Sem10SDD_1045\Source.c(47,44): warning C4133: 'function': incompatible types - from 'nodArb *' to 'nodArb *'
C:\Users\Administrator\source\repos\SDD2026\Seminar_11\Sem10SDD_1045\Source.c(47,48): warning C4133: '=': incompatible types - from 'nodArb *' to 'nodArb *'
C:\Users\Administrator\source\repos\SDD2026\Seminar_11\Sem10SDD_1045\Source.c(63,24): warning C4133: 'function': incompatible types - from 'nodArb *' to 'nodArb *'
C:\Users\Administrator\source\repos\SDD2026\Seminar_11\Sem10SDD_1045\Source.c(64,25): warning C4133: 'function': incompatible types - from 'nodArb *' to 'nodArb *'
C:\Users\Administrator\source\repos\SDD2026\Seminar_11\Sem10SDD_1045\Source.c(72,23): warning C4133: 'function': incompatible types - from 'nodArb *' to 'nodArb *'
C:\Users\Administrator\source\repos\SDD2026\Seminar_11\Sem10SDD_1045\Source.c(75,24): warning C4133: 'function': incompatible types - from 'nodArb *' to 'nodArb *'
C:\Users\Administrator\source\repos\SDD2026\Seminar_11\Sem10SDD_1045\Source.c(83,25): warning C4133: 'function': incompatible types - from 'nodArb *' to 'nodArb *'
C:\Users\Administrator\source\repos\SDD2026\Seminar_11\Sem10SDD_1045\Source.c(84,26): warning C4133: 'function': incompatible types - from 'nodArb *' to 'nodArb *'
C:\Users\Administrator\source\repos\SDD2026\Seminar_11\Sem10SDD_1045\Source.c(104,25): warning C4133: 'function': incompatible types - from 'nodArb *' to 'nodArb *'
C:\Users\Administrator\source\repos\SDD2026\Seminar_11\Sem10SDD_1045\Source.c(105,26): warning C4133: 'function': incompatible types - from 'nodArb *' to 'nodArb *'
C:\Users\Administrator\source\repos\SDD2026\Seminar_11\Sem10SDD_1045\Source.c(116,13): warning C4013: 'strcmp' undefined; assuming extern returning int
C:\Users\Administrator\source\repos\SDD2026\Seminar_11\Sem10SDD_1045\Source.c(121,35): warning C4133: 'function': incompatible types - from 'nodArb *' to 'nodArb *'
C:\Users\Administrator\source\repos\SDD2026\Seminar_11\Sem10SDD_1045\Source.c(122,36): warning C4133: 'function': incompatible types - from 'nodArb *' to 'nodArb *'
C:\Users\Administrator\source\repos\SDD2026\Seminar_11\Sem10SDD_1045\Source.c(135,36): warning C4133: 'function': incompatible types - from 'nodArb *' to 'nodArb *'
C:\Users\Administrator\source\repos\SDD2026\Seminar_11\Sem10SDD_1045\Source.c(136,37): warning C4133: 'function': incompatible types - from 'nodArb *' to 'nodArb *'
C:\Users\Administrator\source\repos\SDD2026\Seminar_11\Sem10SDD_1045\Source.c(151,46): warning C4133: 'function': incompatible types - from 'nodArb *' to 'nodArb *'
C:\Users\Administrator\source\repos\SDD2026\Seminar_11\Sem10SDD_1045\Source.c(152,31): warning C4133: 'function': incompatible types - from 'nodArb *' to 'nodArb *'
C:\Users\Administrator\source\repos\SDD2026\Seminar_11\Sem10SDD_1045\Source.c(162,20): warning C4133: '=': incompatible types - from 'nodArb *' to 'nodArb *'
C:\Users\Administrator\source\repos\SDD2026\Seminar_11\Sem10SDD_1045\Source.c(167,25): warning C4133: '=': incompatible types - from 'nodArb *' to 'nodArb *'
C:\Users\Administrator\source\repos\SDD2026\Seminar_11\Sem10SDD_1045\Source.c(173,22): warning C4133: '=': incompatible types - from 'nodArb *' to 'nodArb *'
C:\Users\Administrator\source\repos\SDD2026\Seminar_11\Sem10SDD_1045\Source.c(165,1): warning C4133: 'initializing': incompatible types - from 'nodArb *' to 'nodArb *'
C:\Users\Administrator\source\repos\SDD2026\Seminar_11\Sem10SDD_1045\Source.c(194,40): warning C4133: 'function': incompatible types - from 'nodArb *' to 'nodArb *'
C:\Users\Administrator\source\repos\SDD2026\Seminar_11\Sem10SDD_1045\Source.c(194,53): warning C4133: '=': incompatible types - from 'nodArb *' to 'nodArb *'
C:\Users\Administrator\source\repos\SDD2026\Seminar_11\Sem10SDD_1045\Source.c(199,42): warning C4133: 'function': incompatible types - from 'nodArb *' to 'nodArb *'
C:\Users\Administrator\source\repos\SDD2026\Seminar_11\Sem10SDD_1045\Source.c(199,55): warning C4133: '=': incompatible types - from 'nodArb *' to 'nodArb *'
C:\Users\Administrator\source\repos\SDD2026\Seminar_11\Sem10SDD_1045\Source.c(211,40): warning C4133: 'function': incompatible types - from 'nodArb *' to 'nodArb *'
C:\Users\Administrator\source\repos\SDD2026\Seminar_11\Sem10SDD_1045\Source.c(211,70): warning C4133: 'function': incompatible types - from 'nodArb *' to 'nodArb *'
C:\Users\Administrator\source\repos\SDD2026\Seminar_11\Sem10SDD_1045\Source.c(212,23): warning C4133: 'function': incompatible types - from 'nodArb *' to 'nodArb *'
C:\Users\Administrator\source\repos\SDD2026\Seminar_11\Sem10SDD_1045\Source.c(213,24): warning C4133: 'function': incompatible types - from 'nodArb *' to 'nodArb *'
C:\Users\Administrator\source\repos\SDD2026\Seminar_11\Sem10SDD_1045\Source.c(222,21): warning C4133: '=': incompatible types - from 'nodArb *' to 'nodArb *'
C:\Users\Administrator\source\repos\SDD2026\Seminar_11\Sem10SDD_1045\Source.c(220,1): warning C4133: 'initializing': incompatible types - from 'nodArb *' to 'nodArb *'
C:\Users\Administrator\source\repos\SDD2026\Seminar_11\Sem10SDD_1045\Source.c(232,20): warning C4133: '=': incompatible types - from 'nodArb *' to 'nodArb *'
C:\Users\Administrator\source\repos\SDD2026\Seminar_11\Sem10SDD_1045\Source.c(230,1): warning C4133: 'initializing': incompatible types - from 'nodArb *' to 'nodArb *'
C:\Users\Administrator\source\repos\SDD2026\Seminar_11\Sem10SDD_1045\Source.c(243,21): warning C4133: '=': incompatible types - from 'nodArb *' to 'nodArb *'
C:\Users\Administrator\source\repos\SDD2026\Seminar_11\Sem10SDD_1045\Source.c(245,21): warning C4133: '=': incompatible types - from 'nodArb *' to 'nodArb *'
C:\Users\Administrator\source\repos\SDD2026\Seminar_11\Sem10SDD_1045\Source.c(240,1): warning C4133: 'initializing': incompatible types - from 'nodArb *' to 'nodArb *'
C:\Users\Administrator\source\repos\SDD2026\Seminar_11\Sem10SDD_1045\Source.c(241,1): warning C4133: 'initializing': incompatible types - from 'nodArb *' to 'nodArb *'
C:\Users\Administrator\source\repos\SDD2026\Seminar_11\Sem10SDD_1045\Source.c(256,22): warning C4133: '=': incompatible types - from 'nodArb *' to 'nodArb *'
C:\Users\Administrator\source\repos\SDD2026\Seminar_11\Sem10SDD_1045\Source.c(258,20): warning C4133: '=': incompatible types - from 'nodArb *' to 'nodArb *'
C:\Users\Administrator\source\repos\SDD2026\Seminar_11\Sem10SDD_1045\Source.c(253,1): warning C4133: 'initializing': incompatible types - from 'nodArb *' to 'nodArb *'
C:\Users\Administrator\source\repos\SDD2026\Seminar_11\Sem10SDD_1045\Source.c(254,1): warning C4133: 'initializing': incompatible types - from 'nodArb *' to 'nodArb *'
C:\Users\Administrator\source\repos\SDD2026\Seminar_11\Sem10SDD_1045\Source.c(266,1): warning C4133: 'initializing': incompatible types - from 'nodArb *' to 'nodArb *'
C:\Users\Administrator\source\repos\SDD2026\Seminar_11\Sem10SDD_1045\Source.c(267,1): warning C4133: 'initializing': incompatible types - from 'nodArb *' to 'nodArb *'
C:\Users\Administrator\source\repos\SDD2026\Seminar_11\Sem10SDD_1045\Source.c(328,23): warning C4133: 'function': incompatible types - from 'nodArb *' to 'nodArb *'
C:\Users\Administrator\source\repos\SDD2026\Seminar_11\Sem10SDD_1045\Source.c(330,24): warning C4133: 'function': incompatible types - from 'nodArb *' to 'nodArb *'
  Sem10SDD_1045.vcxproj -> C:\Users\Administrator\source\repos\SDD2026\Seminar_11\Sem10SDD_1045\x64\Debug\Sem10SDD_1045.exe
