  Source.c
C:\Users\Administrator\source\repos\SDD2026\Seminar_11\Sem10SDD_1050\Source.c(24,40): warning C4013: 'strlen' undefined; assuming extern returning int
C:\Users\Administrator\source\repos\SDD2026\Seminar_11\Sem10SDD_1050\Source.c(25,8): warning C4013: 'strcpy' undefined; assuming extern returning int
C:\Users\Administrator\source\repos\SDD2026\Seminar_11\Sem10SDD_1050\Source.c(30,18): warning C4133: '=': incompatible types - from 'nodArb *' to 'nodArb *'
C:\Users\Administrator\source\repos\SDD2026\Seminar_11\Sem10SDD_1050\Source.c(31,19): warning C4133: '=': incompatible types - from 'nodArb *' to 'nodArb *'
C:\Users\Administrator\source\repos\SDD2026\Seminar_11\Sem10SDD_1050\Source.c(42,41): warning C4133: 'function': incompatible types - from 'nodArb *' to 'nodArb *'
C:\Users\Administrator\source\repos\SDD2026\Seminar_11\Sem10SDD_1050\Source.c(42,45): warning C4133: '=': incompatible types - from 'nodArb *' to 'nodArb *'
C:\Users\Administrator\source\repos\SDD2026\Seminar_11\Sem10SDD_1050\Source.c(48,44): warning C4133: 'function': incompatible types - from 'nodArb *' to 'nodArb *'
C:\Users\Administrator\source\repos\SDD2026\Seminar_11\Sem10SDD_1050\Source.c(48,48): warning C4133: '=': incompatible types - from 'nodArb *' to 'nodArb *'
C:\Users\Administrator\source\repos\SDD2026\Seminar_11\Sem10SDD_1050\Source.c(64,24): warning C4133: 'function': incompatible types - from 'nodArb *' to 'nodArb *'
C:\Users\Administrator\source\repos\SDD2026\Seminar_11\Sem10SDD_1050\Source.c(65,25): warning C4133: 'function': incompatible types - from 'nodArb *' to 'nodArb *'
C:\Users\Administrator\source\repos\SDD2026\Seminar_11\Sem10SDD_1050\Source.c(73,23): warning C4133: 'function': incompatible types - from 'nodArb *' to 'nodArb *'
C:\Users\Administrator\source\repos\SDD2026\Seminar_11\Sem10SDD_1050\Source.c(76,24): warning C4133: 'function': incompatible types - from 'nodArb *' to 'nodArb *'
C:\Users\Administrator\source\repos\SDD2026\Seminar_11\Sem10SDD_1050\Source.c(84,25): warning C4133: 'function': incompatible types - from 'nodArb *' to 'nodArb *'
C:\Users\Administrator\source\repos\SDD2026\Seminar_11\Sem10SDD_1050\Source.c(85,26): warning C4133: 'function': incompatible types - from 'nodArb *' to 'nodArb *'
C:\Users\Administrator\source\repos\SDD2026\Seminar_11\Sem10SDD_1050\Source.c(96,1): warning C4133: 'initializing': incompatible types - from 'nodArb *' to 'nodArb *'
C:\Users\Administrator\source\repos\SDD2026\Seminar_11\Sem10SDD_1050\Source.c(97,1): warning C4133: 'initializing': incompatible types - from 'nodArb *' to 'nodArb *'
C:\Users\Administrator\source\repos\SDD2026\Seminar_11\Sem10SDD_1050\Source.c(120,28): warning C4133: 'function': incompatible types - from 'nodArb *' to 'nodArb *'
C:\Users\Administrator\source\repos\SDD2026\Seminar_11\Sem10SDD_1050\Source.c(121,29): warning C4133: 'function': incompatible types - from 'nodArb *' to 'nodArb *'
C:\Users\Administrator\source\repos\SDD2026\Seminar_11\Sem10SDD_1050\Source.c(134,35): warning C4133: 'function': incompatible types - from 'nodArb *' to 'nodArb *'
C:\Users\Administrator\source\repos\SDD2026\Seminar_11\Sem10SDD_1050\Source.c(135,36): warning C4133: 'function': incompatible types - from 'nodArb *' to 'nodArb *'
C:\Users\Administrator\source\repos\SDD2026\Seminar_11\Sem10SDD_1050\Source.c(144,20): warning C4133: '=': incompatible types - from 'nodArb *' to 'nodArb *'
C:\Users\Administrator\source\repos\SDD2026\Seminar_11\Sem10SDD_1050\Source.c(149,25): warning C4133: '=': incompatible types - from 'nodArb *' to 'nodArb *'
C:\Users\Administrator\source\repos\SDD2026\Seminar_11\Sem10SDD_1050\Source.c(155,22): warning C4133: '=': incompatible types - from 'nodArb *' to 'nodArb *'
C:\Users\Administrator\source\repos\SDD2026\Seminar_11\Sem10SDD_1050\Source.c(147,1): warning C4133: 'initializing': incompatible types - from 'nodArb *' to 'nodArb *'
C:\Users\Administrator\source\repos\SDD2026\Seminar_11\Sem10SDD_1050\Source.c(175,40): warning C4133: 'function': incompatible types - from 'nodArb *' to 'nodArb *'
C:\Users\Administrator\source\repos\SDD2026\Seminar_11\Sem10SDD_1050\Source.c(175,55): warning C4133: '=': incompatible types - from 'nodArb *' to 'nodArb *'
C:\Users\Administrator\source\repos\SDD2026\Seminar_11\Sem10SDD_1050\Source.c(180,42): warning C4133: 'function': incompatible types - from 'nodArb *' to 'nodArb *'
C:\Users\Administrator\source\repos\SDD2026\Seminar_11\Sem10SDD_1050\Source.c(180,57): warning C4133: '=': incompatible types - from 'nodArb *' to 'nodArb *'
C:\Users\Administrator\source\repos\SDD2026\Seminar_11\Sem10SDD_1050\Source.c(199,46): warning C4133: 'function': incompatible types - from 'nodArb *' to 'nodArb *'
C:\Users\Administrator\source\repos\SDD2026\Seminar_11\Sem10SDD_1050\Source.c(199,76): warning C4133: 'function': incompatible types - from 'nodArb *' to 'nodArb *'
C:\Users\Administrator\source\repos\SDD2026\Seminar_11\Sem10SDD_1050\Source.c(208,40): warning C4133: 'function': incompatible types - from 'nodArb *' to 'nodArb *'
C:\Users\Administrator\source\repos\SDD2026\Seminar_11\Sem10SDD_1050\Source.c(208,70): warning C4133: 'function': incompatible types - from 'nodArb *' to 'nodArb *'
C:\Users\Administrator\source\repos\SDD2026\Seminar_11\Sem10SDD_1050\Source.c(209,23): warning C4133: 'function': incompatible types - from 'nodArb *' to 'nodArb *'
C:\Users\Administrator\source\repos\SDD2026\Seminar_11\Sem10SDD_1050\Source.c(210,24): warning C4133: 'function': incompatible types - from 'nodArb *' to 'nodArb *'
C:\Users\Administrator\source\repos\SDD2026\Seminar_11\Sem10SDD_1050\Source.c(219,21): warning C4133: '=': incompatible types - from 'nodArb *' to 'nodArb *'
C:\Users\Administrator\source\repos\SDD2026\Seminar_11\Sem10SDD_1050\Source.c(217,1): warning C4133: 'initializing': incompatible types - from 'nodArb *' to 'nodArb *'
C:\Users\Administrator\source\repos\SDD2026\Seminar_11\Sem10SDD_1050\Source.c(229,20): warning C4133: '=': incompatible types - from 'nodArb *' to 'nodArb *'
C:\Users\Administrator\source\repos\SDD2026\Seminar_11\Sem10SDD_1050\Source.c(227,1): warning C4133: 'initializing': incompatible types - from 'nodArb *' to 'nodArb *'
C:\Users\Administrator\source\repos\SDD2026\Seminar_11\Sem10SDD_1050\Source.c(240,21): warning C4133: '=': incompatible types - from 'nodArb *' to 'nodArb *'
C:\Users\Administrator\source\repos\SDD2026\Seminar_11\Sem10SDD_1050\Source.c(242,21): warning C4133: '=': incompatible types - from 'nodArb *' to 'nodArb *'
C:\Users\Administrator\source\repos\SDD2026\Seminar_11\Sem10SDD_1050\Source.c(237,1): warning C4133: 'initializing': incompatible types - from 'nodArb *' to 'nodArb *'
C:\Users\Administrator\source\repos\SDD2026\Seminar_11\Sem10SDD_1050\Source.c(238,1): warning C4133: 'initializing': incompatible types - from 'nodArb *' to 'nodArb *'
C:\Users\Administrator\source\repos\SDD2026\Seminar_11\Sem10SDD_1050\Source.c(253,22): warning C4133: '=': incompatible types - from 'nodArb *' to 'nodArb *'
C:\Users\Administrator\source\repos\SDD2026\Seminar_11\Sem10SDD_1050\Source.c(255,20): warning C4133: '=': incompatible types - from 'nodArb *' to 'nodArb *'
C:\Users\Administrator\source\repos\SDD2026\Seminar_11\Sem10SDD_1050\Source.c(250,1): warning C4133: 'initializing': incompatible types - from 'nodArb *' to 'nodArb *'
C:\Users\Administrator\source\repos\SDD2026\Seminar_11\Sem10SDD_1050\Source.c(251,1): warning C4133: 'initializing': incompatible types - from 'nodArb *' to 'nodArb *'
C:\Users\Administrator\source\repos\SDD2026\Seminar_11\Sem10SDD_1050\Source.c(263,1): warning C4133: 'initializing': incompatible types - from 'nodArb *' to 'nodArb *'
C:\Users\Administrator\source\repos\SDD2026\Seminar_11\Sem10SDD_1050\Source.c(264,1): warning C4133: 'initializing': incompatible types - from 'nodArb *' to 'nodArb *'
C:\Users\Administrator\source\repos\SDD2026\Seminar_11\Sem10SDD_1050\Source.c(322,23): warning C4133: 'function': incompatible types - from 'nodArb *' to 'nodArb *'
C:\Users\Administrator\source\repos\SDD2026\Seminar_11\Sem10SDD_1050\Source.c(324,24): warning C4133: 'function': incompatible types - from 'nodArb *' to 'nodArb *'
  Sem10SDD_1050.vcxproj -> C:\Users\Administrator\source\repos\SDD2026\Seminar_11\Sem10SDD_1050\Debug\Sem10SDD_1050.exe
